
> project_1@0.0.0 build
> tsc -b && vite build

[36mvite v7.2.4 [32mbuilding client environment for production...[36m[39m
transforming...
[32mΓ£ô[39m 2776 modules transformed.
node.exe : [31mΓ£ù[39m 
Build failed in 10.97s
At line:1 char:1
+ & 
"C:\nvm4w\nodejs/node.exe" "C
:\nvm4w\nodejs/node_modules/n
pm/bin/np ...
+ ~~~~~~~~~~~~~~~~~~~~~~~~~~~
~~~~~~~~~~~~~~~~~~~~~~~~~~~~~
~~~~~~~~~~~~~
    + CategoryInfo           
   : NotSpecified: ([31mΓ£  
  ù[39m Build failed in 1   
 0.97s:String) [], Remote    
Exception
    + FullyQualifiedErrorId  
   : NativeCommandError
 
[31merror during build:
[31mCould not resolve entry 
module 
"@radix-ui/react-tabs".[31m
    at getRollupError (file:/
//C:/Users/hyper/Desktop/basi
c%20react/project_1/node_modu
les/rollup/dist/es/shared/par
seAst.js:401:41)
    at error (file:///C:/User
s/hyper/Desktop/basic%20react
/project_1/node_modules/rollu
p/dist/es/shared/parseAst.js:
397:42)
    at 
ModuleLoader.loadEntryModule 
(file:///C:/Users/hyper/Deskt
op/basic%20react/project_1/no
de_modules/rollup/dist/es/sha
red/node-entry.js:21611:20)
    at async Promise.all 
(index 3)
    at async Promise.all 
(index 0)[39m
